// Jest Snapshot v1, https://goo.gl/fbAQLP

exports[`renders Calculator component 1`] = `
<DocumentFragment>
  <section
    class="calculator-container"
  >
    <div
      class="calculator-screen"
    >
      <span
        class="calculator-display"
      >
        0
      </span>
    </div>
    <div
      class="calculator-keypad"
    >
      <button
        class="btn"
        type="button"
      >
        AC
      </button>
      <button
        class="btn"
        type="button"
      >
        +/-
      </button>
      <button
        class="btn"
        type="button"
      >
        %
      </button>
      <button
        class="btn orange"
        type="button"
      >
        รท
      </button>
      <button
        class="btn"
        type="button"
      >
        7
      </button>
      <button
        class="btn"
        type="button"
      >
        8
      </button>
      <button
        class="btn"
        type="button"
      >
        9
      </button>
      <button
        class="btn orange"
        type="button"
      >
        x
      </button>
      <button
        class="btn"
        type="button"
      >
        4
      </button>
      <button
        class="btn"
        type="button"
      >
        5
      </button>
      <button
        class="btn"
        type="button"
      >
        6
      </button>
      <button
        class="btn orange"
        type="button"
      >
        -
      </button>
      <button
        class="btn"
        type="button"
      >
        1
      </button>
      <button
        class="btn"
        type="button"
      >
        2
      </button>
      <button
        class="btn"
        type="button"
      >
        3
      </button>
      <button
        class="btn orange"
        type="button"
      >
        +
      </button>
      <button
        class="btn double"
        type="button"
      >
        0
      </button>
      <button
        class="btn"
        type="button"
      >
        .
      </button>
      <button
        class="btn orange"
        type="button"
      >
        =
      </button>
    </div>
  </section>
</DocumentFragment>
`;
