// Jest Snapshot v1, https://goo.gl/fbAQLP

exports[`renders Header component 1`] = `
<DocumentFragment>
  <nav
    class="navbar"
  >
    <h1>
      Math Magicians
    </h1>
    <ul
      class="navlinks"
    >
      <li>
        <a
          aria-current="page"
          class="active"
          href="/"
        >
          Home
        </a>
      </li>
      <li>
        <a
          class=""
          href="/calculator"
        >
          Calculator
        </a>
      </li>
      <li>
        <a
          class=""
          href="/quote"
        >
          Quote
        </a>
      </li>
    </ul>
  </nav>
</DocumentFragment>
`;
