// Jest Snapshot v1, https://goo.gl/fbAQLP

exports[`renders Quote component 1`] = `
<DocumentFragment>
  <h2
    class="quote"
  >
    Mathematics is not about numbers, equations, computations, or algorithms: it is about understanding - William Paul Thurston
  </h2>
</DocumentFragment>
`;
